// Jest Snapshot v1, https://goo.gl/fbAQLP

exports[`<Flairs/> it matches the snapshot 1`] = `
<em
  style={
    Object {
      "color": "red",
    }
  }
>
  You have no flairs
</em>
`;
